Microchip MPLAB XC8 Compiler V2.20

Linker command line:

-W-3 --edf=/opt/microchip/xc8/v2.20/pic/dat/en_msgs.txt -cn \
  -h+dist/default/production/decade-flashlight-v2.X.production.sym \
  --cmf=dist/default/production/decade-flashlight-v2.X.production.cmf -z \
  -Q12LF1572 -o/tmp/xcXkpaFLi --defsym=__MPLAB_BUILD=1 \
  -Mdist/default/production/decade-flashlight-v2.X.production.map -E1 \
  -ver=XC8 Compiler --acfsm=1493 -ASTACK=02018h-020EFh -pstack=STACK \
  -ACODE=00h-07FFh -ASTRCODE=00h-07FFh -ASTRING=00h-0FFhx8 \
  -ACONST=00h-0FFhx8 -AENTRY=00h-0FFhx8 -ACOMMON=070h-07Fh \
  -ABANK0=020h-06Fh -ABANK1=0A0h-0EFh -ABANK2=0120h-016Fh \
  -ABIGRAM=02000h-020EFh -ARAM=020h-06Fh,0A0h-0EFh,0120h-016Fh \
  -AABS1=020h-07Fh,0A0h-0EFh,0120h-016Fh -ASFR0=00h-01Fh -ASFR1=080h-09Fh \
  -ASFR2=0100h-011Fh -ASFR3=0180h-01EFh -ASFR4=0200h-026Fh \
  -ASFR5=0280h-02EFh -ASFR6=0300h-036Fh -ASFR7=0380h-03EFh \
  -ASFR8=0400h-046Fh -ASFR9=0480h-04EFh -ASFR10=0500h-056Fh \
  -ASFR11=0580h-05EFh -ASFR12=0600h-066Fh -ASFR13=0680h-06EFh \
  -ASFR14=0700h-076Fh -ASFR15=0780h-07EFh -ASFR16=0800h-086Fh \
  -ASFR17=0880h-08EFh -ASFR18=0900h-096Fh -ASFR19=0980h-09EFh \
  -ASFR20=0A00h-0A6Fh -ASFR21=0A80h-0AEFh -ASFR22=0B00h-0B6Fh \
  -ASFR23=0B80h-0BEFh -ASFR24=0C00h-0C6Fh -ASFR25=0C80h-0CEFh \
  -ASFR26=0D00h-0D6Fh -ASFR27=0D80h-0DEFh -ASFR28=0E00h-0E6Fh \
  -ASFR29=0E80h-0EEFh -ASFR30=0F00h-0F6Fh -ASFR31=0F80h-0FEFh \
  -ACONFIG=08007h-08008h -DCONFIG=2 -AIDLOC=08000h-08003h -DIDLOC=2 \
  -preset_vec=00h,intentry,init,end_init -ppowerup=CODE -pcinit=CODE \
  -pfunctab=ENTRY -DCODE=2 -DSTRCODE=2 -DSTRING=2 -DCONST=2 -DENTRY=2 -k \
  /tmp/xcXNaiEoF.o \
  dist/default/production/decade-flashlight-v2.X.production.o \
  build/default/production/main_loop.o 

Object code version is 3.11

Machine type is 12LF1572



                Name                               Link     Load   Length Selector   Space Scale
/tmp/xcXNaiEoF.o
                end_init                              1        1        1        0       0
                reset_vec                             0        0        1        0       0
                config                             8007     8007        2        0       4
dist/default/production/decade-flashlight-v2.X.production.o
                cinit                               7FB      7FB        5      FF6       0
                config                             8007     8007        2        0       4
                text7                               67E      67E       51      CFC       0
                text6                               64F      64F       2F      C9E       0
                text5                               5A8      5A8       1B      B50       0
                text4                               6CF      6CF       82      D9E       0
                text3                               5FB      5FB       28      BF6       0
                text2                               623      623       2C      C46       0
                text1                               5C3      5C3       1B      B86       0
                maintext                            751      751       AA      EA2       0
                cstackBANK0                          20       20       16       20       1
                cstackCOMMON                         70       70        C       70       1
                bssBANK0                             36       36        2       20       1
build/default/production/main_loop.o
                main_loop_text                      5DE      5DE       1D      BBC       0

TOTAL           Name                               Link     Load   Length     Space
        CLASS   STACK          

        CLASS   CODE           
                end_init                              1        1        1         0
                cinit                               7FB      7FB        5         0
                reset_vec                             0        0        1         0
                text7                               67E      67E       51         0
                text6                               64F      64F       2F         0
                text5                               5A8      5A8       1B         0
                text4                               6CF      6CF       82         0
                text3                               5FB      5FB       28         0
                text2                               623      623       2C         0
                text1                               5C3      5C3       1B         0
                maintext                            751      751       AA         0
                main_loop_text                      5DE      5DE       1D         0

        CLASS   STRCODE        

        CLASS   STRING         

        CLASS   CONST          

        CLASS   ENTRY          

        CLASS   COMMON         
                cstackCOMMON                         70       70        C         1

        CLASS   BANK0          
                cstackBANK0                          20       20       16         1
                bssBANK0                             36       36        2         1

        CLASS   BANK1          

        CLASS   BANK2          

        CLASS   BIGRAM         

        CLASS   RAM            

        CLASS   ABS1           
                abs_s1                               7E       7E        2         1

        CLASS   SFR0           

        CLASS   SFR1           

        CLASS   SFR2           

        CLASS   SFR3           

        CLASS   SFR4           

        CLASS   SFR5           

        CLASS   SFR6           

        CLASS   SFR7           

        CLASS   SFR8           

        CLASS   SFR9           

        CLASS   SFR10          

        CLASS   SFR11          

        CLASS   SFR12          

        CLASS   SFR13          

        CLASS   SFR14          

        CLASS   SFR15          

        CLASS   SFR16          

        CLASS   SFR17          

        CLASS   SFR18          

        CLASS   SFR19          

        CLASS   SFR20          

        CLASS   SFR21          

        CLASS   SFR22          

        CLASS   SFR23          

        CLASS   SFR24          

        CLASS   SFR25          

        CLASS   SFR26          

        CLASS   SFR27          

        CLASS   SFR28          

        CLASS   SFR29          

        CLASS   SFR30          

        CLASS   SFR31          

        CLASS   CONFIG         
                config                             8007     8007        2         4

        CLASS   IDLOC          

        CLASS   BANK31         

        CLASS   BANK30         

        CLASS   BANK29         

        CLASS   BANK28         

        CLASS   BANK27         

        CLASS   BANK26         

        CLASS   BANK25         

        CLASS   BANK24         

        CLASS   BANK23         

        CLASS   BANK22         

        CLASS   BANK21         

        CLASS   BANK20         

        CLASS   BANK19         

        CLASS   BANK18         

        CLASS   BANK17         

        CLASS   BANK16         

        CLASS   BANK15         

        CLASS   BANK14         

        CLASS   BANK13         

        CLASS   BANK12         

        CLASS   BANK11         

        CLASS   BANK10         

        CLASS   BANK9          

        CLASS   BANK8          

        CLASS   BANK7          

        CLASS   BANK6          

        CLASS   BANK5          

        CLASS   BANK4          

        CLASS   BANK3          

        CLASS   EEDATA         



SEGMENTS        Name                           Load    Length   Top    Selector   Space  Class     Delta

                text2                          000623  00002C  00064F       C46       0  CODE        2
                reset_vec                      000000  000002  000002         0       0  CODE        2
                text6                          00064F  00002F  00067E       C9E       0  CODE        2
                text3                          0005FB  000028  000623       BF6       0  CODE        2
                text7                          00067E  000051  0006CF       CFC       0  CODE        2
                text4                          0006CF  000082  000751       D9E       0  CODE        2
                maintext                       000751  0000AA  0007FB       EA2       0  CODE        2
                text5                          0005A8  00001B  0005C3       B50       0  CODE        2
                text1                          0005C3  00001B  0005DE       B86       0  CODE        2
                main_loop_text                 0005DE  00001D  0005FB       BBC       0  CODE        2
                cstackCOMMON                   000070  00000C  00007C        70       1  COMMON      1
                cinit                          0007FB  000005  000800       FF6       0  CODE        2
                cstackBANK0                    000020  000018  000038        20       1  BANK0       1


UNUSED ADDRESS RANGES

        Name                Unused          Largest block    Delta
        BANK0            00038-0006F              38           1
        BANK1            000A0-000EF              50           1
        BANK2            00120-0016F              50           1
        BIGRAM           02000-020EF              F0           1
        CODE             00002-005A7             5A6           2
        COMMON           0007C-0007D               2           1
        CONST            00002-005A7             100           2
        ENTRY            00002-005A7             100           2
        IDLOC            08000-08003               4           2
        RAM              00038-0006F              38           1
                         000A0-000EF              50
                         00120-0016F              50
        SFR0             00000-0001F              20           1
        SFR1             00080-0009F              20           1
        SFR10            00500-0056F              70           1
        SFR11            00580-005EF              70           1
        SFR12            00600-0066F              70           1
        SFR13            00680-006EF              70           1
        SFR14            00700-0076F              70           1
        SFR15            00780-007EF              70           1
        SFR16            00800-0086F              70           1
        SFR17            00880-008EF              70           1
        SFR18            00900-0096F              70           1
        SFR19            00980-009EF              70           1
        SFR2             00100-0011F              20           1
        SFR20            00A00-00A6F              70           1
        SFR21            00A80-00AEF              70           1
        SFR22            00B00-00B6F              70           1
        SFR23            00B80-00BEF              70           1
        SFR24            00C00-00C6F              70           1
        SFR25            00C80-00CEF              70           1
        SFR26            00D00-00D6F              70           1
        SFR27            00D80-00DEF              70           1
        SFR28            00E00-00E6F              70           1
        SFR29            00E80-00EEF              70           1
        SFR3             00180-001EF              70           1
        SFR30            00F00-00F6F              70           1
        SFR31            00F80-00FEF              70           1
        SFR4             00200-0026F              70           1
        SFR5             00280-002EF              70           1
        SFR6             00300-0036F              70           1
        SFR7             00380-003EF              70           1
        SFR8             00400-0046F              70           1
        SFR9             00480-004EF              70           1
        STACK            02018-020EF              D8           1
        STRCODE          00002-005A7             5A6           2
        STRING           00002-005A7             100           2

                                  Symbol Table

?___aldiv                 cstackCOMMON 00070
?___awdiv                 cstackCOMMON 00076
?___lmul                  cstackCOMMON 00070
?___wmul                  cstackCOMMON 00070
?_battery_voltage         cstackBANK0  00026
?_resistor_ratio          cstackCOMMON 00070
_ADCON0                   (abs)        0009D
_ADCON0bits               (abs)        0009D
_ADCON1                   (abs)        0009E
_ADRES                    (abs)        0009B
_ANSA4                    (abs)        00C64
_ANSELA                   (abs)        0018C
_FVRCON                   (abs)        00117
_FVRCONbits               (abs)        00117
_GIE                      (abs)        0005F
_INLVLA                   (abs)        0038C
_LATA                     (abs)        0010C
_LATA2                    (abs)        00862
_OSCTUNE                  (abs)        00098
_PEIE                     (abs)        0005E
_PWM1CLKCON               (abs)        00D9E
_PWM1CON                  (abs)        00D9B
_PWM1DC                   (abs)        00D93
_PWM1IE                   (abs)        0049C
_PWM1INTE                 (abs)        00D9C
_PWM1PH                   (abs)        00D91
_PWM1PR                   (abs)        00D95
_PWMLD                    (abs)        00D8F
_SLRCONA                  (abs)        0030C
_TRISA                    (abs)        0008C
_TRISA4                   (abs)        00464
_WDTCON                   (abs)        00097
_WPUA                     (abs)        0020C
__Habs1                   abs1         00000
__Hbank0                  bank0        00000
__Hbank1                  bank1        00000
__Hbank10                 bank10       00000
__Hbank11                 bank11       00000
__Hbank12                 bank12       00000
__Hbank13                 bank13       00000
__Hbank14                 bank14       00000
__Hbank15                 bank15       00000
__Hbank16                 bank16       00000
__Hbank17                 bank17       00000
__Hbank18                 bank18       00000
__Hbank19                 bank19       00000
__Hbank2                  bank2        00000
__Hbank20                 bank20       00000
__Hbank21                 bank21       00000
__Hbank22                 bank22       00000
__Hbank23                 bank23       00000
__Hbank24                 bank24       00000
__Hbank25                 bank25       00000
__Hbank26                 bank26       00000
__Hbank27                 bank27       00000
__Hbank28                 bank28       00000
__Hbank29                 bank29       00000
__Hbank3                  bank3        00000
__Hbank30                 bank30       00000
__Hbank31                 bank31       00000
__Hbank4                  bank4        00000
__Hbank5                  bank5        00000
__Hbank6                  bank6        00000
__Hbank7                  bank7        00000
__Hbank8                  bank8        00000
__Hbank9                  bank9        00000
__Hbigram                 bigram       00000
__HbssBANK0               bssBANK0     00000
__Hcinit                  cinit        00800
__Hclrtext                clrtext      00000
__Hcode                   code         00000
__Hcommon                 common       00000
__Hconfig                 config       08009
__HcstackBANK0            cstackBANK0  00000
__HcstackCOMMON           cstackCOMMON 00000
__Hdata                   data         00000
__Heeprom_data            eeprom_data  00000
__Hend_init               end_init     00002
__Hfunctab                functab      00000
__Hinit                   init         00001
__Hintentry               intentry     00001
__Hmaintext               maintext     00000
__Hpa_nodes0              pa_nodes0    00000
__Hpowerup                powerup      00000
__Hram                    ram          00000
__Hreset_vec              reset_vec    00001
__Hsfr0                   sfr0         00000
__Hsfr1                   sfr1         00000
__Hsfr10                  sfr10        00000
__Hsfr11                  sfr11        00000
__Hsfr12                  sfr12        00000
__Hsfr13                  sfr13        00000
__Hsfr14                  sfr14        00000
__Hsfr15                  sfr15        00000
__Hsfr16                  sfr16        00000
__Hsfr17                  sfr17        00000
__Hsfr18                  sfr18        00000
__Hsfr19                  sfr19        00000
__Hsfr2                   sfr2         00000
__Hsfr20                  sfr20        00000
__Hsfr21                  sfr21        00000
__Hsfr22                  sfr22        00000
__Hsfr23                  sfr23        00000
__Hsfr24                  sfr24        00000
__Hsfr25                  sfr25        00000
__Hsfr26                  sfr26        00000
__Hsfr27                  sfr27        00000
__Hsfr28                  sfr28        00000
__Hsfr29                  sfr29        00000
__Hsfr3                   sfr3         00000
__Hsfr30                  sfr30        00000
__Hsfr31                  sfr31        00000
__Hsfr4                   sfr4         00000
__Hsfr5                   sfr5         00000
__Hsfr6                   sfr6         00000
__Hsfr7                   sfr7         00000
__Hsfr8                   sfr8         00000
__Hsfr9                   sfr9         00000
__Hspace_0                (abs)        00800
__Hspace_1                (abs)        0007C
__Hspace_2                (abs)        00000
__Hspace_3                (abs)        00000
__Hspace_4                (abs)        10010
__Hstack                  stack        00000
__Hstrings                strings      00000
__Htext                   text         00000
__Hudata                  udata        00000
__Hudata_bank0            udata_bank0  00000
__Hudata_bank1            udata_bank1  00000
__Hudata_bank2            udata_bank2  00000
__Hudata_shr              udata_shr    00000
__Labs1                   abs1         00000
__Lbank0                  bank0        00000
__Lbank1                  bank1        00000
__Lbank10                 bank10       00000
__Lbank11                 bank11       00000
__Lbank12                 bank12       00000
__Lbank13                 bank13       00000
__Lbank14                 bank14       00000
__Lbank15                 bank15       00000
__Lbank16                 bank16       00000
__Lbank17                 bank17       00000
__Lbank18                 bank18       00000
__Lbank19                 bank19       00000
__Lbank2                  bank2        00000
__Lbank20                 bank20       00000
__Lbank21                 bank21       00000
__Lbank22                 bank22       00000
__Lbank23                 bank23       00000
__Lbank24                 bank24       00000
__Lbank25                 bank25       00000
__Lbank26                 bank26       00000
__Lbank27                 bank27       00000
__Lbank28                 bank28       00000
__Lbank29                 bank29       00000
__Lbank3                  bank3        00000
__Lbank30                 bank30       00000
__Lbank31                 bank31       00000
__Lbank4                  bank4        00000
__Lbank5                  bank5        00000
__Lbank6                  bank6        00000
__Lbank7                  bank7        00000
__Lbank8                  bank8        00000
__Lbank9                  bank9        00000
__Lbigram                 bigram       00000
__LbssBANK0               bssBANK0     00000
__Lcinit                  cinit        007FB
__Lclrtext                clrtext      00000
__Lcode                   code         00000
__Lcommon                 common       00000
__Lconfig                 config       00000
__LcstackBANK0            cstackBANK0  00000
__LcstackCOMMON           cstackCOMMON 00000
__Ldata                   data         00000
__Leeprom_data            eeprom_data  00000
__Lend_init               end_init     00001
__Lfunctab                functab      00000
__Linit                   init         00001
__Lintentry               intentry     00001
__Lmaintext               maintext     00000
__Lpa_nodes0              pa_nodes0    00000
__Lpowerup                powerup      00000
__Lram                    ram          00000
__Lreset_vec              reset_vec    00000
__Lsfr0                   sfr0         00000
__Lsfr1                   sfr1         00000
__Lsfr10                  sfr10        00000
__Lsfr11                  sfr11        00000
__Lsfr12                  sfr12        00000
__Lsfr13                  sfr13        00000
__Lsfr14                  sfr14        00000
__Lsfr15                  sfr15        00000
__Lsfr16                  sfr16        00000
__Lsfr17                  sfr17        00000
__Lsfr18                  sfr18        00000
__Lsfr19                  sfr19        00000
__Lsfr2                   sfr2         00000
__Lsfr20                  sfr20        00000
__Lsfr21                  sfr21        00000
__Lsfr22                  sfr22        00000
__Lsfr23                  sfr23        00000
__Lsfr24                  sfr24        00000
__Lsfr25                  sfr25        00000
__Lsfr26                  sfr26        00000
__Lsfr27                  sfr27        00000
__Lsfr28                  sfr28        00000
__Lsfr29                  sfr29        00000
__Lsfr3                   sfr3         00000
__Lsfr30                  sfr30        00000
__Lsfr31                  sfr31        00000
__Lsfr4                   sfr4         00000
__Lsfr5                   sfr5         00000
__Lsfr6                   sfr6         00000
__Lsfr7                   sfr7         00000
__Lsfr8                   sfr8         00000
__Lsfr9                   sfr9         00000
__Lspace_0                (abs)        00000
__Lspace_1                (abs)        00000
__Lspace_2                (abs)        00000
__Lspace_3                (abs)        00000
__Lspace_4                (abs)        00000
__Lstack                  stack        00000
__Lstrings                strings      00000
__Ltext                   text         00000
__Ludata                  udata        00000
__Ludata_bank0            udata_bank0  00000
__Ludata_bank1            udata_bank1  00000
__Ludata_bank2            udata_bank2  00000
__Ludata_shr              udata_shr    00000
__S0                      (abs)        00800
__S1                      (abs)        0007C
__S2                      (abs)        00000
___aldiv                  text4        006CF
___aldiv@counter          cstackBANK0  00020
___aldiv@dividend         cstackCOMMON 00074
___aldiv@divisor          cstackCOMMON 00070
___aldiv@quotient         cstackBANK0  00022
___aldiv@sign             cstackBANK0  00021
___awdiv                  text7        0067E
___awdiv@counter          cstackBANK0  00020
___awdiv@dividend         cstackCOMMON 00078
___awdiv@divisor          cstackCOMMON 00076
___awdiv@quotient         cstackBANK0  00022
___awdiv@sign             cstackBANK0  00021
___int_sp                 stack        00000
___latbits                (abs)        00000
___lmul                   text6        0064F
___lmul@multiplicand      cstackCOMMON 00074
___lmul@multiplier        cstackCOMMON 00070
___lmul@product           cstackCOMMON 00078
___sp                     stack        00000
___stackhi                (abs)        020EF
___stacklo                (abs)        02018
___wmul                   text5        005A8
___wmul@multiplicand      cstackCOMMON 00072
___wmul@multiplier        cstackCOMMON 00070
___wmul@product           cstackCOMMON 00074
__end_of___aldiv          text4        00751
__end_of___awdiv          text7        006CF
__end_of___lmul           text6        0067E
__end_of___wmul           text5        005C3
__end_of__initialization  cinit        007FE
__end_of_battery_voltage  text3        00623
__end_of_init             text2        0064F
__end_of_main             maintext     007FB
__end_of_resistor_ratio   text1        005DE
__initialization          cinit        007FB
__pbssBANK0               bssBANK0     00036
__pcstackBANK0            cstackBANK0  00020
__pcstackCOMMON           cstackCOMMON 00070
__pmaintext               maintext     00751
__ptext1                  text1        005C3
__ptext2                  text2        00623
__ptext3                  text3        005FB
__ptext4                  text4        006CF
__ptext5                  text5        005A8
__ptext6                  text6        0064F
__ptext7                  text7        0067E
__size_of___aldiv         (abs)        00000
__size_of___awdiv         (abs)        00000
__size_of___lmul          (abs)        00000
__size_of___wmul          (abs)        00000
__size_of_battery_voltage (abs)        00000
__size_of_init            (abs)        00000
__size_of_main            (abs)        00000
__size_of_resistor_ratio  (abs)        00000
_battery_voltage          text3        005FB
_init                     text2        00623
_main                     maintext     00751
_main_loop                main_loop_text 005DE
_nDONE                    (abs)        004E9
_nWPUEN                   (abs)        004AF
_reset_count              bssBANK0     00036
_resistor_ratio           text1        005C3
btemp                     (abs)        0007E
end_of_initialization     cinit        007FE
intlevel0                 functab      00000
intlevel1                 functab      00000
intlevel2                 functab      00000
intlevel3                 functab      00000
intlevel4                 functab      00000
intlevel5                 functab      00000
main@ratio                cstackBANK0  00030
main@vbatt                cstackBANK0  00034
reset_vec                 reset_vec    00000
start                     init         00001
start_initialization      cinit        007FB
wtemp0                    (abs)        0007E


FUNCTION INFORMATION:

 *************** function _main *****************
 Defined at:
		line 105 in file "main.c"
 Parameters:    Size  Location     Type
		None
 Auto vars:     Size  Location     Type
  ratio           4   16[BANK0 ] unsigned long 
  vbatt           2   20[BANK0 ] short 
 Return value:  Size  Location     Type
                  1    wreg      void 
 Registers used:
		wreg, fsr0l, fsr0h, fsr1l, fsr1h, fsr1l, fsr1h, status,2, status,0, pclath, cstack
 Tracked objects:
		On entry : 
		On exit  : 
		Unchanged: 
 Data sizes:     COMMON   BANK0   BANK1   BANK2
      Params:         0       0       0       0
      Locals:         0       6       0       0
      Temps:          0       8       0       0
      Totals:         0      14       0       0
Total ram usage:       14 bytes
 Hardware stack levels required when called:    2
 This function calls:
		___awdiv
		___lmul
		___wmul
		_battery_voltage
		_init
		_main_loop
		_resistor_ratio
 This function is called by:
		Startup code after reset
 This function uses a non-reentrant model


 *************** function _resistor_ratio *****************
 Defined at:
		line 60 in file "main.c"
 Parameters:    Size  Location     Type
		None
 Auto vars:     Size  Location     Type
		None
 Return value:  Size  Location     Type
                  2    0[COMMON] unsigned short 
 Registers used:
		wreg, status,2
 Tracked objects:
		On entry : 
		On exit  : 
		Unchanged: 
 Data sizes:     COMMON   BANK0   BANK1   BANK2
      Params:         2       0       0       0
      Locals:         0       0       0       0
      Temps:          0       0       0       0
      Totals:         2       0       0       0
Total ram usage:        2 bytes
 Hardware stack levels used:    1
 This function calls:
		Nothing
 This function is called by:
		_main
 This function uses a non-reentrant model


 *************** function _init *****************
 Defined at:
		line 30 in file "main.c"
 Parameters:    Size  Location     Type
		None
 Auto vars:     Size  Location     Type
		None
 Return value:  Size  Location     Type
                  1    wreg      void 
 Registers used:
		wreg, status,2
 Tracked objects:
		On entry : 
		On exit  : 
		Unchanged: 
 Data sizes:     COMMON   BANK0   BANK1   BANK2
      Params:         0       0       0       0
      Locals:         0       0       0       0
      Temps:          0       0       0       0
      Totals:         0       0       0       0
Total ram usage:        0 bytes
 Hardware stack levels used:    1
 This function calls:
		Nothing
 This function is called by:
		_main
 This function uses a non-reentrant model


 *************** function _battery_voltage *****************
 Defined at:
		line 82 in file "main.c"
 Parameters:    Size  Location     Type
		None
 Auto vars:     Size  Location     Type
		None
 Return value:  Size  Location     Type
                  2    6[BANK0 ] unsigned short 
 Registers used:
		wreg, status,2, status,0, pclath, cstack
 Tracked objects:
		On entry : 
		On exit  : 
		Unchanged: 
 Data sizes:     COMMON   BANK0   BANK1   BANK2
      Params:         0       2       0       0
      Locals:         0       0       0       0
      Temps:          0       0       0       0
      Totals:         0       2       0       0
Total ram usage:        2 bytes
 Hardware stack levels used:    1
 Hardware stack levels required when called:    1
 This function calls:
		___aldiv
 This function is called by:
		_main
 This function uses a non-reentrant model


 *************** function ___aldiv *****************
 Defined at:
		line 5 in file "/opt/microchip/xc8/v2.20/pic/sources/c99/common/aldiv.c"
 Parameters:    Size  Location     Type
  divisor         4    0[COMMON] long 
  dividend        4    4[COMMON] long 
 Auto vars:     Size  Location     Type
  quotient        4    2[BANK0 ] long 
  sign            1    1[BANK0 ] unsigned char 
  counter         1    0[BANK0 ] unsigned char 
 Return value:  Size  Location     Type
                  4    0[COMMON] long 
 Registers used:
		wreg, status,2, status,0
 Tracked objects:
		On entry : 
		On exit  : 
		Unchanged: 
 Data sizes:     COMMON   BANK0   BANK1   BANK2
      Params:         8       0       0       0
      Locals:         0       6       0       0
      Temps:          1       0       0       0
      Totals:         9       6       0       0
Total ram usage:       15 bytes
 Hardware stack levels used:    1
 This function calls:
		Nothing
 This function is called by:
		_battery_voltage
 This function uses a non-reentrant model


 *************** function ___wmul *****************
 Defined at:
		line 15 in file "/opt/microchip/xc8/v2.20/pic/sources/c99/common/Umul16.c"
 Parameters:    Size  Location     Type
  multiplier      2    0[COMMON] unsigned int 
  multiplicand    2    2[COMMON] unsigned int 
 Auto vars:     Size  Location     Type
  product         2    4[COMMON] unsigned int 
 Return value:  Size  Location     Type
                  2    0[COMMON] unsigned int 
 Registers used:
		wreg, status,2, status,0
 Tracked objects:
		On entry : 
		On exit  : 
		Unchanged: 
 Data sizes:     COMMON   BANK0   BANK1   BANK2
      Params:         4       0       0       0
      Locals:         2       0       0       0
      Temps:          0       0       0       0
      Totals:         6       0       0       0
Total ram usage:        6 bytes
 Hardware stack levels used:    1
 This function calls:
		Nothing
 This function is called by:
		_main
 This function uses a non-reentrant model


 *************** function ___lmul *****************
 Defined at:
		line 15 in file "/opt/microchip/xc8/v2.20/pic/sources/c99/common/Umul32.c"
 Parameters:    Size  Location     Type
  multiplier      4    0[COMMON] unsigned long 
  multiplicand    4    4[COMMON] unsigned long 
 Auto vars:     Size  Location     Type
  product         4    8[COMMON] unsigned long 
 Return value:  Size  Location     Type
                  4    0[COMMON] unsigned long 
 Registers used:
		wreg, status,2, status,0
 Tracked objects:
		On entry : 
		On exit  : 
		Unchanged: 
 Data sizes:     COMMON   BANK0   BANK1   BANK2
      Params:         8       0       0       0
      Locals:         4       0       0       0
      Temps:          0       0       0       0
      Totals:        12       0       0       0
Total ram usage:       12 bytes
 Hardware stack levels used:    1
 This function calls:
		Nothing
 This function is called by:
		_main
 This function uses a non-reentrant model


 *************** function ___awdiv *****************
 Defined at:
		line 5 in file "/opt/microchip/xc8/v2.20/pic/sources/c99/common/awdiv.c"
 Parameters:    Size  Location     Type
  divisor         2    6[COMMON] int 
  dividend        2    8[COMMON] int 
 Auto vars:     Size  Location     Type
  quotient        2    2[BANK0 ] int 
  sign            1    1[BANK0 ] unsigned char 
  counter         1    0[BANK0 ] unsigned char 
 Return value:  Size  Location     Type
                  2    6[COMMON] int 
 Registers used:
		wreg, status,2, status,0
 Tracked objects:
		On entry : 
		On exit  : 
		Unchanged: 
 Data sizes:     COMMON   BANK0   BANK1   BANK2
      Params:         4       0       0       0
      Locals:         0       4       0       0
      Temps:          1       0       0       0
      Totals:         5       4       0       0
Total ram usage:        9 bytes
 Hardware stack levels used:    1
 This function calls:
		Nothing
 This function is called by:
		_main
 This function uses a non-reentrant model



MODULE INFORMATION

Module		Function		Class		Link	Load	Size
/opt/microchip/xc8/v2.20/pic/sources/c99/common/awdiv.c
		___awdiv       		CODE           	067E	0000	82

/opt/microchip/xc8/v2.20/pic/sources/c99/common/awdiv.c estimated size: 82

/opt/microchip/xc8/v2.20/pic/sources/c99/common/Umul32.c
		___lmul        		CODE           	064F	0000	48

/opt/microchip/xc8/v2.20/pic/sources/c99/common/Umul32.c estimated size: 48

/opt/microchip/xc8/v2.20/pic/sources/c99/common/aldiv.c
		___aldiv       		CODE           	06CF	0000	131

/opt/microchip/xc8/v2.20/pic/sources/c99/common/aldiv.c estimated size: 131

shared
		__initialization		CODE           	07FB	0000	4

shared estimated size: 4

/opt/microchip/xc8/v2.20/pic/sources/c99/common/Umul16.c
		___wmul        		CODE           	05A8	0000	28

/opt/microchip/xc8/v2.20/pic/sources/c99/common/Umul16.c estimated size: 28

main.c
		_init          		CODE           	0623	0000	45
		_main          		CODE           	0751	0000	171
		_battery_voltage		CODE           	05FB	0000	41
		_resistor_ratio		CODE           	05C3	0000	28

main.c estimated size: 285

