Microchip MPLAB XC8 Compiler V2.20

Linker command line:

-W-3 --edf=/opt/microchip/xc8/v2.20/pic/dat/en_msgs.txt -cn \
  -h+dist/default/production/PIC16LF1708-bringup.X.production.sym \
  --cmf=dist/default/production/PIC16LF1708-bringup.X.production.cmf -z \
  -Q16LF1708 -o/tmp/xcXnBkooC --defsym=__MPLAB_BUILD=1 \
  -Mdist/default/production/PIC16LF1708-bringup.X.production.map -E1 \
  -ver=XC8 Compiler --acfsm=1493 -ASTACK=020C1h-021EFh -pstack=STACK \
  -ACODE=00h-07FFhx2 -ASTRCODE=00h-0FFFh -ASTRING=00h-0FFhx16 \
  -ACONST=00h-0FFhx16 -AENTRY=00h-0FFhx16 -ACOMMON=070h-07Fh \
  -ABANK0=020h-06Fh -ABANK1=0A0h-0EFh -ABANK2=0120h-016Fh \
  -ABANK3=01A0h-01EFh -ABANK4=0220h-026Fh -ABANK5=02A0h-02EFh \
  -ABANK6=0320h-032Fh -ABIGRAM=02000h-021EFh \
  -ARAM=020h-06Fh,0A0h-0EFh,0120h-016Fh,01A0h-01EFh,0220h-026Fh,02A0h-02EFh,0320h-032Fh \
  -AABS1=020h-07Fh,0A0h-0EFh,0120h-016Fh,01A0h-01EFh,0220h-026Fh,02A0h-02EFh,0320h-032Fh \
  -ASFR0=00h-01Fh -ASFR1=080h-09Fh -ASFR2=0100h-011Fh -ASFR3=0180h-019Fh \
  -ASFR4=0200h-021Fh -ASFR5=0280h-029Fh -ASFR6=0300h-031Fh \
  -ASFR7=0380h-03EFh -ASFR8=0400h-046Fh -ASFR9=0480h-04EFh \
  -ASFR10=0500h-056Fh -ASFR11=0580h-05EFh -ASFR12=0600h-066Fh \
  -ASFR13=0680h-06EFh -ASFR14=0700h-076Fh -ASFR15=0780h-07EFh \
  -ASFR16=0800h-086Fh -ASFR17=0880h-08EFh -ASFR18=0900h-096Fh \
  -ASFR19=0980h-09EFh -ASFR20=0A00h-0A6Fh -ASFR21=0A80h-0AEFh \
  -ASFR22=0B00h-0B6Fh -ASFR23=0B80h-0BEFh -ASFR24=0C00h-0C6Fh \
  -ASFR25=0C80h-0CEFh -ASFR26=0D00h-0D6Fh -ASFR27=0D80h-0DEFh \
  -ASFR28=0E00h-0E6Fh -ASFR29=0E80h-0EEFh -ASFR30=0F00h-0F6Fh \
  -ASFR31=0F80h-0FEFh -ACONFIG=08007h-08008h -DCONFIG=2 \
  -AIDLOC=08000h-08003h -DIDLOC=2 \
  -preset_vec=00h,intentry=04h,init,end_init -ppowerup=CODE -pcinit=CODE \
  -pfunctab=ENTRY -DCODE=2 -DSTRCODE=2 -DSTRING=2 -DCONST=2 -DENTRY=2 -k \
  /tmp/xcXJKgidi.o \
  dist/default/production/PIC16LF1708-bringup.X.production.o 

Object code version is 3.11

Machine type is 16LF1708



                Name                               Link     Load   Length Selector   Space Scale
/tmp/xcXJKgidi.o
                end_init                             7B       7B        2        8       0
                reset_vec                             0        0        2        0       0
                config                             8007     8007        2        0       4
dist/default/production/PIC16LF1708-bringup.X.production.o
                cinit                                7D       7D       15        8       0
                intentry                              4        4       77        8       0
                config                             8007     8007        2        0       4
                text19                              6CB      6CB       1B        8       0
                text18                              72B      72B       17        8       0
                text17                              6AF      6AF       1C        8       0
                text16                              444      444       9F        8       0
                text15                              54E      54E       52        8       0
                text14                              691      691       1E        8       0
                text13                              714      714       17        8       0
                text12                              776      776        8      EEC       0
                text11                              5EA      5EA       35        8       0
                text10                              64C      64C       24        8       0
                text9                               6FD      6FD       17        8       0
                text8                               5A0      5A0       4A        8       0
                text7                               6E6      6E6       17        8       0
                text6                               670      670       21        8       0
                text5                               2F6      2F6      14E        8       0
                text4                                92       92      264        8       0
                text3                               61F      61F       2D        8       0
                text2                               758      758       15        8       0
                text1                               742      742       16        8       0
                maintext                            4E3      4E3       6B        8       0
                cstackBANK0                          20       20       50       20       1
                cstackCOMMON                         70       70        9       70       1
                cstackBANK1                          CC       CC       18       A0       1
                clrtext                             77E      77E        6      EEC       0
                bssBANK2                            120      120       21      120       1
                bssBANK1                             A0       A0       2C       A0       1
                bssCOMMON                            79       79        2       70       1
                stringtext3                         787      787        3      F08       0
                stringtext2                         784      784        3      F08       0
                stringtext1                         76D      76D        9      EDA       0

TOTAL           Name                               Link     Load   Length     Space
        CLASS   STACK          

        CLASS   CODE           
                end_init                             7B       7B        2         0
                cinit                                7D       7D       15         0
                intentry                              4        4       77         0
                reset_vec                             0        0        2         0
                text19                              6CB      6CB       1B         0
                text18                              72B      72B       17         0
                text17                              6AF      6AF       1C         0
                text16                              444      444       9F         0
                text15                              54E      54E       52         0
                text14                              691      691       1E         0
                text13                              714      714       17         0
                text12                              776      776        8         0
                text11                              5EA      5EA       35         0
                text10                              64C      64C       24         0
                text9                               6FD      6FD       17         0
                text8                               5A0      5A0       4A         0
                text7                               6E6      6E6       17         0
                text6                               670      670       21         0
                text5                               2F6      2F6      14E         0
                text4                                92       92      264         0
                text3                               61F      61F       2D         0
                text2                               758      758       15         0
                text1                               742      742       16         0
                maintext                            4E3      4E3       6B         0
                clrtext                             77E      77E        6         0

        CLASS   STRCODE        
                stringtext3                         787      787        3         0
                stringtext2                         784      784        3         0
                stringtext1                         76D      76D        9         0

        CLASS   STRING         

        CLASS   CONST          

        CLASS   ENTRY          

        CLASS   COMMON         
                cstackCOMMON                         70       70        9         1
                bssCOMMON                            79       79        2         1

        CLASS   BANK0          
                cstackBANK0                          20       20       50         1

        CLASS   BANK1          
                cstackBANK1                          CC       CC       18         1
                bssBANK1                             A0       A0       2C         1

        CLASS   BANK2          
                bssBANK2                            120      120       21         1

        CLASS   BANK3          

        CLASS   BANK4          

        CLASS   BANK5          

        CLASS   BANK6          

        CLASS   BIGRAM         

        CLASS   RAM            

        CLASS   ABS1           
                abs_s1                               7E       7E        2         1

        CLASS   SFR0           

        CLASS   SFR1           

        CLASS   SFR2           

        CLASS   SFR3           

        CLASS   SFR4           

        CLASS   SFR5           

        CLASS   SFR6           

        CLASS   SFR7           

        CLASS   SFR8           

        CLASS   SFR9           

        CLASS   SFR10          

        CLASS   SFR11          

        CLASS   SFR12          

        CLASS   SFR13          

        CLASS   SFR14          

        CLASS   SFR15          

        CLASS   SFR16          

        CLASS   SFR17          

        CLASS   SFR18          

        CLASS   SFR19          

        CLASS   SFR20          

        CLASS   SFR21          

        CLASS   SFR22          

        CLASS   SFR23          

        CLASS   SFR24          

        CLASS   SFR25          

        CLASS   SFR26          

        CLASS   SFR27          

        CLASS   SFR28          

        CLASS   SFR29          

        CLASS   SFR30          

        CLASS   SFR31          

        CLASS   CONFIG         
                config                             8007     8007        2         4

        CLASS   IDLOC          

        CLASS   BANK31         

        CLASS   BANK30         

        CLASS   BANK29         

        CLASS   BANK28         

        CLASS   BANK27         

        CLASS   BANK26         

        CLASS   BANK25         

        CLASS   BANK24         

        CLASS   BANK23         

        CLASS   BANK22         

        CLASS   BANK21         

        CLASS   BANK20         

        CLASS   BANK19         

        CLASS   BANK18         

        CLASS   BANK17         

        CLASS   BANK16         

        CLASS   BANK15         

        CLASS   BANK14         

        CLASS   BANK13         

        CLASS   BANK12         

        CLASS   BANK11         

        CLASS   BANK10         

        CLASS   BANK9          

        CLASS   BANK8          

        CLASS   BANK7          

        CLASS   EEDATA         



SEGMENTS        Name                           Load    Length   Top    Selector   Space  Class     Delta

                reset_vec                      000000  000002  000002         0       0  CODE        2
                stringtext1                    00076D  000009  000776       EDA       0  STRCODE     2
                stringtext2                    000784  000006  00078A       F08       0  STRCODE     2
                text12                         000776  00000E  000784       EEC       0  CODE        2
                cstackBANK0                    000020  000050  000070        20       1  BANK0       1
                intentry                       000004  000769  00076D         8       0  CODE        2
                cstackCOMMON                   000070  00000B  00007B        70       1  COMMON      1
                bssBANK2                       000120  000021  000141       120       1  BANK2       1
                bssBANK1                       0000A0  000044  0000E4        A0       1  BANK1       1


UNUSED ADDRESS RANGES

        Name                Unused          Largest block    Delta
        BANK1            000E4-000EF               C           1
        BANK2            00141-0016F              2F           1
        BANK3            001A0-001EF              50           1
        BANK4            00220-0026F              50           1
        BANK5            002A0-002EF              50           1
        BANK6            00320-0032F              10           1
        BIGRAM           02000-021EF             1F0           1
        CODE             00002-00003               2           2
                         0078A-00FFF              76
        COMMON           0007B-0007D               3           1
        CONST            00002-00003               2           2
                         0078A-00FFF             100
        ENTRY            00002-00003               2           2
                         0078A-00FFF             100
        IDLOC            08000-08003               4           2
        RAM              000E4-000EF               C           1
                         00141-0016F              2F
                         001A0-001EF              50
                         00220-0026F              50
                         002A0-002EF              50
                         00320-0032F              10
        SFR0             00000-0001F              20           1
        SFR1             00080-0009F              20           1
        SFR10            00500-0056F              70           1
        SFR11            00580-005EF              70           1
        SFR12            00600-0066F              70           1
        SFR13            00680-006EF              70           1
        SFR14            00700-0076F              70           1
        SFR15            00780-007EF              70           1
        SFR16            00800-0086F              70           1
        SFR17            00880-008EF              70           1
        SFR18            00900-0096F              70           1
        SFR19            00980-009EF              70           1
        SFR2             00100-0011F              20           1
        SFR20            00A00-00A6F              70           1
        SFR21            00A80-00AEF              70           1
        SFR22            00B00-00B6F              70           1
        SFR23            00B80-00BEF              70           1
        SFR24            00C00-00C6F              70           1
        SFR25            00C80-00CEF              70           1
        SFR26            00D00-00D6F              70           1
        SFR27            00D80-00DEF              70           1
        SFR28            00E00-00E6F              70           1
        SFR29            00E80-00EEF              70           1
        SFR3             00180-0019F              20           1
        SFR30            00F00-00F6F              70           1
        SFR31            00F80-00FEF              70           1
        SFR4             00200-0021F              20           1
        SFR5             00280-0029F              20           1
        SFR6             00300-0031F              20           1
        SFR7             00380-003EF              70           1
        SFR8             00400-0046F              70           1
        SFR9             00480-004EF              70           1
        STACK            020C1-021EF             12F           1
        STRCODE          00002-00003               2           2
                         0078A-00FFF             876
        STRING           00002-00003               2           2
                         0078A-00FFF             100

                                  Symbol Table

?___wmul                         cstackCOMMON 00073
?_atoi                           cstackBANK0  00020
?_isalpha                        cstackCOMMON 00073
?_isdigit                        cstackCOMMON 00073
?_islower                        cstackCOMMON 00073
?_isspace                        cstackCOMMON 00073
?_isupper                        cstackCOMMON 00073
?_pad                            cstackBANK0  0002C
?_printf                         cstackBANK1  000DA
?_strlen                         cstackCOMMON 00073
?_strncmp                        cstackCOMMON 00073
?_toupper                        cstackBANK0  00020
?_vfpfcnvrt                      cstackBANK0  0005A
?_vfprintf                       cstackBANK0  00068
?_xtoa                           cstackBANK0  00034
ISR@time                         cstackCOMMON 00072
_ANSELA                          (abs)        0018C
_ANSELB                          (abs)        0018D
_ANSELC                          (abs)        0018E
_BAUDCONbits                     (abs)        0019F
_INLVLA                          (abs)        0038C
_INLVLB                          (abs)        0038D
_INLVLC                          (abs)        0038E
_INTCONbits                      (abs)        0000B
_INTPPS                          (abs)        00E10
_ISR                             intentry     00004
_ODCONA                          (abs)        0028C
_ODCONB                          (abs)        0028D
_ODCONC                          (abs)        0028E
_OPTION_REGbits                  (abs)        00095
_OSCCONbits                      (abs)        00099
_PIR1bits                        (abs)        00011
_RB7PPS                          (abs)        00E9F
_RCSTAbits                       (abs)        0019D
_SLRCONA                         (abs)        0030C
_SLRCONB                         (abs)        0030D
_SLRCONC                         (abs)        0030E
_SPBRG                           (abs)        0019B
_TMR0                            (abs)        00015
_TRISA                           (abs)        0008C
_TRISB                           (abs)        0008D
_TRISC                           (abs)        0008E
_TXREG                           (abs)        0019A
_TXSTAbits                       (abs)        0019E
_WPUA                            (abs)        0020C
_WPUB                            (abs)        0020D
_WPUC                            (abs)        0020E
__Habs1                          abs1         00000
__Hbank0                         bank0        00000
__Hbank1                         bank1        00000
__Hbank10                        bank10       00000
__Hbank11                        bank11       00000
__Hbank12                        bank12       00000
__Hbank13                        bank13       00000
__Hbank14                        bank14       00000
__Hbank15                        bank15       00000
__Hbank16                        bank16       00000
__Hbank17                        bank17       00000
__Hbank18                        bank18       00000
__Hbank19                        bank19       00000
__Hbank2                         bank2        00000
__Hbank20                        bank20       00000
__Hbank21                        bank21       00000
__Hbank22                        bank22       00000
__Hbank23                        bank23       00000
__Hbank24                        bank24       00000
__Hbank25                        bank25       00000
__Hbank26                        bank26       00000
__Hbank27                        bank27       00000
__Hbank28                        bank28       00000
__Hbank29                        bank29       00000
__Hbank3                         bank3        00000
__Hbank30                        bank30       00000
__Hbank31                        bank31       00000
__Hbank4                         bank4        00000
__Hbank5                         bank5        00000
__Hbank6                         bank6        00000
__Hbank7                         bank7        00000
__Hbank8                         bank8        00000
__Hbank9                         bank9        00000
__Hbigram                        bigram       00000
__HbssBANK1                      bssBANK1     00000
__HbssBANK2                      bssBANK2     00000
__HbssCOMMON                     bssCOMMON    00000
__Hcinit                         cinit        00092
__Hclrtext                       clrtext      00000
__Hcode                          code         00000
__Hcommon                        common       00000
__Hconfig                        config       08009
__HcstackBANK0                   cstackBANK0  00000
__HcstackBANK1                   cstackBANK1  00000
__HcstackCOMMON                  cstackCOMMON 00000
__Heeprom_data                   eeprom_data  00000
__Hend_init                      end_init     0007D
__Hfunctab                       functab      00000
__Hinit                          init         0007B
__Hintentry                      intentry     0007B
__Hmaintext                      maintext     00000
__Hpowerup                       powerup      00000
__Hram                           ram          00000
__Hreset_vec                     reset_vec    00002
__Hsfr0                          sfr0         00000
__Hsfr1                          sfr1         00000
__Hsfr10                         sfr10        00000
__Hsfr11                         sfr11        00000
__Hsfr12                         sfr12        00000
__Hsfr13                         sfr13        00000
__Hsfr14                         sfr14        00000
__Hsfr15                         sfr15        00000
__Hsfr16                         sfr16        00000
__Hsfr17                         sfr17        00000
__Hsfr18                         sfr18        00000
__Hsfr19                         sfr19        00000
__Hsfr2                          sfr2         00000
__Hsfr20                         sfr20        00000
__Hsfr21                         sfr21        00000
__Hsfr22                         sfr22        00000
__Hsfr23                         sfr23        00000
__Hsfr24                         sfr24        00000
__Hsfr25                         sfr25        00000
__Hsfr26                         sfr26        00000
__Hsfr27                         sfr27        00000
__Hsfr28                         sfr28        00000
__Hsfr29                         sfr29        00000
__Hsfr3                          sfr3         00000
__Hsfr30                         sfr30        00000
__Hsfr31                         sfr31        00000
__Hsfr4                          sfr4         00000
__Hsfr5                          sfr5         00000
__Hsfr6                          sfr6         00000
__Hsfr7                          sfr7         00000
__Hsfr8                          sfr8         00000
__Hsfr9                          sfr9         00000
__Hspace_0                       (abs)        0078A
__Hspace_1                       (abs)        00141
__Hspace_2                       (abs)        00000
__Hspace_3                       (abs)        00000
__Hspace_4                       (abs)        10010
__Hstack                         stack        00000
__Hstrings                       strings      00000
__Hstringtext1                   stringtext1  00000
__Hstringtext2                   stringtext2  00000
__Hstringtext3                   stringtext3  00000
__Hstringtext4                   stringtext4  00000
__Htext                          text         00000
__Labs1                          abs1         00000
__Lbank0                         bank0        00000
__Lbank1                         bank1        00000
__Lbank10                        bank10       00000
__Lbank11                        bank11       00000
__Lbank12                        bank12       00000
__Lbank13                        bank13       00000
__Lbank14                        bank14       00000
__Lbank15                        bank15       00000
__Lbank16                        bank16       00000
__Lbank17                        bank17       00000
__Lbank18                        bank18       00000
__Lbank19                        bank19       00000
__Lbank2                         bank2        00000
__Lbank20                        bank20       00000
__Lbank21                        bank21       00000
__Lbank22                        bank22       00000
__Lbank23                        bank23       00000
__Lbank24                        bank24       00000
__Lbank25                        bank25       00000
__Lbank26                        bank26       00000
__Lbank27                        bank27       00000
__Lbank28                        bank28       00000
__Lbank29                        bank29       00000
__Lbank3                         bank3        00000
__Lbank30                        bank30       00000
__Lbank31                        bank31       00000
__Lbank4                         bank4        00000
__Lbank5                         bank5        00000
__Lbank6                         bank6        00000
__Lbank7                         bank7        00000
__Lbank8                         bank8        00000
__Lbank9                         bank9        00000
__Lbigram                        bigram       00000
__LbssBANK1                      bssBANK1     00000
__LbssBANK2                      bssBANK2     00000
__LbssCOMMON                     bssCOMMON    00000
__Lcinit                         cinit        0007D
__Lclrtext                       clrtext      00000
__Lcode                          code         00000
__Lcommon                        common       00000
__Lconfig                        config       00000
__LcstackBANK0                   cstackBANK0  00000
__LcstackBANK1                   cstackBANK1  00000
__LcstackCOMMON                  cstackCOMMON 00000
__Leeprom_data                   eeprom_data  00000
__Lend_init                      end_init     0007B
__Lfunctab                       functab      00000
__Linit                          init         0007B
__Lintentry                      intentry     00004
__Lmaintext                      maintext     00000
__Lpowerup                       powerup      00000
__Lram                           ram          00000
__Lreset_vec                     reset_vec    00000
__Lsfr0                          sfr0         00000
__Lsfr1                          sfr1         00000
__Lsfr10                         sfr10        00000
__Lsfr11                         sfr11        00000
__Lsfr12                         sfr12        00000
__Lsfr13                         sfr13        00000
__Lsfr14                         sfr14        00000
__Lsfr15                         sfr15        00000
__Lsfr16                         sfr16        00000
__Lsfr17                         sfr17        00000
__Lsfr18                         sfr18        00000
__Lsfr19                         sfr19        00000
__Lsfr2                          sfr2         00000
__Lsfr20                         sfr20        00000
__Lsfr21                         sfr21        00000
__Lsfr22                         sfr22        00000
__Lsfr23                         sfr23        00000
__Lsfr24                         sfr24        00000
__Lsfr25                         sfr25        00000
__Lsfr26                         sfr26        00000
__Lsfr27                         sfr27        00000
__Lsfr28                         sfr28        00000
__Lsfr29                         sfr29        00000
__Lsfr3                          sfr3         00000
__Lsfr30                         sfr30        00000
__Lsfr31                         sfr31        00000
__Lsfr4                          sfr4         00000
__Lsfr5                          sfr5         00000
__Lsfr6                          sfr6         00000
__Lsfr7                          sfr7         00000
__Lsfr8                          sfr8         00000
__Lsfr9                          sfr9         00000
__Lspace_0                       (abs)        00000
__Lspace_1                       (abs)        00000
__Lspace_2                       (abs)        00000
__Lspace_3                       (abs)        00000
__Lspace_4                       (abs)        00000
__Lstack                         stack        00000
__Lstrings                       strings      00000
__Lstringtext1                   stringtext1  00000
__Lstringtext2                   stringtext2  00000
__Lstringtext3                   stringtext3  00000
__Lstringtext4                   stringtext4  00000
__Ltext                          text         00000
__S0                             (abs)        0078A
__S1                             (abs)        00141
__S2                             (abs)        00000
___int_sp                        stack        00000
___latbits                       (abs)        00001
___sp                            stack        00000
___stackhi                       (abs)        021EF
___stacklo                       (abs)        020C1
___wmul                          text19       006CB
___wmul@multiplicand             cstackCOMMON 00075
___wmul@multiplier               cstackCOMMON 00073
___wmul@product                  cstackCOMMON 00077
__end_of_ISR                     intentry     0007B
__end_of___wmul                  text19       006E6
__end_of__initialization         cinit        0008E
__end_of_atoi                    text16       004E3
__end_of_fputc                   text11       0061F
__end_of_fputs                   text10       00670
__end_of_isalpha                 text14       006AF
__end_of_isdigit                 text18       00742
__end_of_islower                 text7        006FD
__end_of_isspace                 text17       006CB
__end_of_isupper                 text13       0072B
__end_of_main                    maintext     0054E
__end_of_pad                     text8        005EA
__end_of_printf                  text2        0076D
__end_of_process_remote_command  text1        00758
__end_of_putch                   text12       0077E
__end_of_strlen                  text9        00714
__end_of_strncmp                 text15       005A0
__end_of_toupper                 text6        00691
__end_of_vfpfcnvrt               text4        002F6
__end_of_vfprintf                text3        0064C
__end_of_xtoa                    text5        00444
__initialization                 cinit        0007D
__pbssBANK1                      bssBANK1     000A0
__pbssBANK2                      bssBANK2     00120
__pbssCOMMON                     bssCOMMON    00079
__pcstackBANK0                   cstackBANK0  00020
__pcstackBANK1                   cstackBANK1  000CC
__pcstackCOMMON                  cstackCOMMON 00070
__pintentry                      intentry     00004
__pmaintext                      maintext     004E3
__pstringtext1                   stringtext1  0076D
__pstringtext2                   stringtext2  00784
__pstringtext3                   stringtext3  00787
__pstringtext4                   stringtext4  00000
__ptext1                         text1        00742
__ptext10                        text10       0064C
__ptext11                        text11       005EA
__ptext12                        text12       00776
__ptext13                        text13       00714
__ptext14                        text14       00691
__ptext15                        text15       0054E
__ptext16                        text16       00444
__ptext17                        text17       006AF
__ptext18                        text18       0072B
__ptext19                        text19       006CB
__ptext2                         text2        00758
__ptext3                         text3        0061F
__ptext4                         text4        00092
__ptext5                         text5        002F6
__ptext6                         text6        00670
__ptext7                         text7        006E6
__ptext8                         text8        005A0
__ptext9                         text9        006FD
__size_of_ISR                    (abs)        00000
__size_of___wmul                 (abs)        00000
__size_of_atoi                   (abs)        00000
__size_of_fputc                  (abs)        00000
__size_of_fputs                  (abs)        00000
__size_of_isalpha                (abs)        00000
__size_of_isdigit                (abs)        00000
__size_of_islower                (abs)        00000
__size_of_isspace                (abs)        00000
__size_of_isupper                (abs)        00000
__size_of_main                   (abs)        00000
__size_of_pad                    (abs)        00000
__size_of_printf                 (abs)        00000
__size_of_process_remote_command (abs)        00000
__size_of_putch                  (abs)        00000
__size_of_strlen                 (abs)        00000
__size_of_strncmp                (abs)        00000
__size_of_toupper                (abs)        00000
__size_of_vfpfcnvrt              (abs)        00000
__size_of_vfprintf               (abs)        00000
__size_of_xtoa                   (abs)        00000
_atoi                            text16       00444
_atoi$803                        cstackBANK0  00028
_atoi$804                        cstackBANK0  0002C
_atoi$805                        cstackBANK0  0002A
_dbuf                            bssBANK1     000A6
_flags                           bssCOMMON    00079
_fputc                           text11       005EA
_fputs                           text10       0064C
_ir_code                         bssBANK1     000C6
_isalpha                         text14       00691
_isdigit                         text18       0072B
_islower                         text7        006E6
_isspace                         text17       006AF
_isspace$830                     cstackCOMMON 00077
_isupper                         text13       00714
_main                            maintext     004E3
_nout                            bssBANK1     000A0
_pad                             text8        005A0
_prec                            bssBANK1     000A4
_printf                          text2        00758
_process_remote_command          text1        00742
_putch                           text12       00776
_stats                           bssBANK2     00120
_strlen                          text9        006FD
_strncmp                         text15       0054E
_toupper                         text6        00670
_toupper$885                     cstackBANK0  00026
_vfpfcnvrt                       text4        00092
_vfpfcnvrt$776                   cstackBANK1  000CE
_vfprintf                        text3        0061F
_width                           bssBANK1     000A2
_xtoa                            text5        002F6
_xtoa$760                        cstackBANK0  00045
_xtoa$761                        cstackBANK0  00047
atoi@n                           cstackBANK0  0002D
atoi@neg                         cstackBANK0  00026
atoi@s                           cstackBANK0  00020
btemp                            (abs)        0007E
clear_ram0                       clrtext      0077E
end_of_initialization            cinit        0008E
fputc@c                          cstackCOMMON 00074
fputc@fp                         cstackCOMMON 00076
fputs@c                          cstackBANK0  00028
fputs@fp                         cstackCOMMON 00077
fputs@i                          cstackBANK0  00029
fputs@s                          cstackBANK0  0002B
int$flags                        (abs)        0007E
intlevel0                        functab      00000
intlevel1                        functab      00000
intlevel2                        functab      00000
intlevel3                        functab      00000
intlevel4                        functab      00000
intlevel5                        functab      00000
isalpha@c                        cstackCOMMON 00073
isdigit@c                        cstackCOMMON 00073
islower@c                        cstackCOMMON 00073
isspace@c                        cstackCOMMON 00073
isupper@c                        cstackCOMMON 00073
pad@buf                          cstackBANK0  0002C
pad@fp                           cstackBANK0  00033
pad@i                            cstackBANK0  0002F
pad@p                            cstackBANK0  0002D
pad@w                            cstackBANK0  00031
printf@ap                        cstackBANK1  000E3
printf@fmt                       cstackBANK1  000DA
process_remote_command@code      cstackCOMMON 00075
putch@value                      cstackCOMMON 00073
reset_vec                        reset_vec    00000
start                            init         0007B
start_initialization             cinit        0007D
strlen@a                         cstackCOMMON 00076
strlen@s                         cstackCOMMON 00077
strncmp@_l                       cstackCOMMON 00073
strncmp@_r                       cstackCOMMON 00075
strncmp@l                        cstackBANK0  00021
strncmp@n                        cstackCOMMON 00077
strncmp@r                        cstackBANK0  00023
toupper@c                        cstackBANK0  00020
vfpfcnvrt@ap                     cstackBANK0  0005B
vfpfcnvrt@c                      cstackBANK1  000D8
vfpfcnvrt@done                   cstackBANK1  000CC
vfpfcnvrt@fmt                    cstackBANK0  0005A
vfpfcnvrt@fp                     cstackBANK1  000D9
vfpfcnvrt@llu                    cstackBANK1  000D0
vfprintf@ap                      cstackBANK0  0006A
vfprintf@cfmt                    cstackBANK0  0006E
vfprintf@fmt                     cstackBANK0  00068
vfprintf@fp                      cstackBANK0  0006D
wtemp0                           (abs)        0007E
xtoa@c                           cstackBANK0  00058
xtoa@d                           cstackBANK0  00034
xtoa@fp                          cstackBANK0  0004B
xtoa@i                           cstackBANK0  00056
xtoa@n                           cstackBANK0  0004E
xtoa@p                           cstackBANK0  00049
xtoa@w                           cstackBANK0  0004C
xtoa@x                           cstackBANK0  0003C


FUNCTION INFORMATION:

 *************** function _main *****************
 Defined at:
		line 163 in file "main.c"
 Parameters:    Size  Location     Type
		None
 Auto vars:     Size  Location     Type
		None
 Return value:  Size  Location     Type
                  1    wreg      void 
 Registers used:
		wreg, fsr0l, fsr0h, fsr1l, fsr1h, status,2, status,0, pclath, cstack
 Tracked objects:
		On entry : 
		On exit  : 
		Unchanged: 
 Data sizes:     COMMON   BANK0   BANK1   BANK2   BANK3   BANK4   BANK5   BANK6
      Params:         0       0       0       0       0       0       0       0
      Locals:         0       0       0       0       0       0       0       0
      Temps:          0       0       0       0       0       0       0       0
      Totals:         0       0       0       0       0       0       0       0
Total ram usage:        0 bytes
 Hardware stack levels required when called:    9
 This function calls:
		_printf
		_process_remote_command
 This function is called by:
		Startup code after reset
 This function uses a non-reentrant model


 *************** function _process_remote_command *****************
 Defined at:
		line 152 in file "main.c"
 Parameters:    Size  Location     Type
  code            1    wreg     PTR struct .
		 -> ir_code(6), 
 Auto vars:     Size  Location     Type
  code            1    5[COMMON] PTR struct .
		 -> ir_code(6), 
 Return value:  Size  Location     Type
                  1    wreg      void 
 Registers used:
		wreg, fsr0l, fsr0h, fsr1l, fsr1h, status,2, status,0
 Tracked objects:
		On entry : 
		On exit  : 
		Unchanged: 
 Data sizes:     COMMON   BANK0   BANK1   BANK2   BANK3   BANK4   BANK5   BANK6
      Params:         0       0       0       0       0       0       0       0
      Locals:         1       0       0       0       0       0       0       0
      Temps:          2       0       0       0       0       0       0       0
      Totals:         3       0       0       0       0       0       0       0
Total ram usage:        3 bytes
 Hardware stack levels used:    1
 Hardware stack levels required when called:    1
 This function calls:
		Nothing
 This function is called by:
		_main
 This function uses a non-reentrant model


 *************** function _printf *****************
 Defined at:
		line 5 in file "/opt/microchip/xc8/v2.20/pic/sources/c99/common/printf.c"
 Parameters:    Size  Location     Type
  fmt             2   14[BANK1 ] PTR const unsigned char 
		 -> STR_1(9), 
 Auto vars:     Size  Location     Type
  ret             2    0        int 
  ap              1   23[BANK1 ] PTR void [1]
		 -> ?_printf(2), 
 Return value:  Size  Location     Type
                  2   14[BANK1 ] int 
 Registers used:
		wreg, fsr0l, fsr0h, fsr1l, fsr1h, status,2, status,0, pclath, cstack
 Tracked objects:
		On entry : 
		On exit  : 
		Unchanged: 
 Data sizes:     COMMON   BANK0   BANK1   BANK2   BANK3   BANK4   BANK5   BANK6
      Params:         0       0       6       0       0       0       0       0
      Locals:         0       0       3       0       0       0       0       0
      Temps:          0       0       1       0       0       0       0       0
      Totals:         0       0      10       0       0       0       0       0
Total ram usage:       10 bytes
 Hardware stack levels used:    1
 Hardware stack levels required when called:    8
 This function calls:
		_vfprintf
 This function is called by:
		_main
 This function uses a non-reentrant model


 *************** function _vfprintf *****************
 Defined at:
		line 1368 in file "/opt/microchip/xc8/v2.20/pic/sources/c99/common/doprnt.c"
 Parameters:    Size  Location     Type
  fp              1    wreg     PTR struct _IO_FILE
		 -> NULL(0), 
  fmt             2   72[BANK0 ] PTR const unsigned char 
		 -> STR_1(9), 
  ap              1   74[BANK0 ] PTR PTR void 
		 -> printf@ap(1), 
 Auto vars:     Size  Location     Type
  fp              1   77[BANK0 ] PTR struct _IO_FILE
		 -> NULL(0), 
  cfmt            2   78[BANK0 ] PTR unsigned char 
		 -> STR_1(9), 
 Return value:  Size  Location     Type
                  2   72[BANK0 ] int 
 Registers used:
		wreg, fsr0l, fsr0h, fsr1l, fsr1h, status,2, status,0, pclath, cstack
 Tracked objects:
		On entry : 
		On exit  : 
		Unchanged: 
 Data sizes:     COMMON   BANK0   BANK1   BANK2   BANK3   BANK4   BANK5   BANK6
      Params:         0       3       0       0       0       0       0       0
      Locals:         0       3       0       0       0       0       0       0
      Temps:          0       2       0       0       0       0       0       0
      Totals:         0       8       0       0       0       0       0       0
Total ram usage:        8 bytes
 Hardware stack levels used:    1
 Hardware stack levels required when called:    7
 This function calls:
		_vfpfcnvrt
 This function is called by:
		_printf
 This function uses a non-reentrant model


 *************** function _vfpfcnvrt *****************
 Defined at:
		line 670 in file "/opt/microchip/xc8/v2.20/pic/sources/c99/common/doprnt.c"
 Parameters:    Size  Location     Type
  fp              1    wreg     PTR struct _IO_FILE
		 -> NULL(0), 
  fmt             1   58[BANK0 ] PTR PTR unsigned char 
		 -> vfprintf@cfmt(2), 
  ap              1   59[BANK0 ] PTR PTR void 
		 -> printf@ap(1), 
 Auto vars:     Size  Location     Type
  fp              1   13[BANK1 ] PTR struct _IO_FILE
		 -> NULL(0), 
  llu             8    4[BANK1 ] unsigned long long 
  ll              8    0        long long 
  f               4    0        long long 
  ct              3    0        unsigned char [3]
  done            2    0[BANK1 ] int 
  vp              2    0        PTR void 
  i               2    0        int 
  cp              2    0        PTR unsigned char 
  c               1   12[BANK1 ] unsigned char 
 Return value:  Size  Location     Type
                  2   58[BANK0 ] int 
 Registers used:
		wreg, fsr0l, fsr0h, fsr1l, fsr1h, status,2, status,0, pclath, cstack
 Tracked objects:
		On entry : 
		On exit  : 
		Unchanged: 
 Data sizes:     COMMON   BANK0   BANK1   BANK2   BANK3   BANK4   BANK5   BANK6
      Params:         0       2       0       0       0       0       0       0
      Locals:         0       0      14       0       0       0       0       0
      Temps:          0      12       0       0       0       0       0       0
      Totals:         0      14      14       0       0       0       0       0
Total ram usage:       28 bytes
 Hardware stack levels used:    1
 Hardware stack levels required when called:    6
 This function calls:
		_atoi
		_fputc
		_isdigit
		_strncmp
		_xtoa
 This function is called by:
		_vfprintf
 This function uses a non-reentrant model


 *************** function _xtoa *****************
 Defined at:
		line 623 in file "/opt/microchip/xc8/v2.20/pic/sources/c99/common/doprnt.c"
 Parameters:    Size  Location     Type
  fp              1    wreg     PTR struct _IO_FILE
		 -> NULL(0), 
  d               8   20[BANK0 ] unsigned long long 
  x               1   28[BANK0 ] unsigned char 
 Auto vars:     Size  Location     Type
  fp              1   43[BANK0 ] PTR struct _IO_FILE
		 -> NULL(0), 
  n               8   46[BANK0 ] unsigned long long 
  c               2   56[BANK0 ] int 
  i               2   54[BANK0 ] int 
  w               2   44[BANK0 ] int 
  p               2   41[BANK0 ] int 
 Return value:  Size  Location     Type
                  2   20[BANK0 ] int 
 Registers used:
		wreg, fsr1l, fsr1h, status,2, status,0, pclath, cstack
 Tracked objects:
		On entry : 
		On exit  : 
		Unchanged: 
 Data sizes:     COMMON   BANK0   BANK1   BANK2   BANK3   BANK4   BANK5   BANK6
      Params:         0       9       0       0       0       0       0       0
      Locals:         0      21       0       0       0       0       0       0
      Temps:          0       8       0       0       0       0       0       0
      Totals:         0      38       0       0       0       0       0       0
Total ram usage:       38 bytes
 Hardware stack levels used:    1
 Hardware stack levels required when called:    5
 This function calls:
		_isalpha
		_isupper
		_pad
		_toupper
 This function is called by:
		_vfpfcnvrt
 This function uses a non-reentrant model


 *************** function _toupper *****************
 Defined at:
		line 4 in file "/opt/microchip/xc8/v2.20/pic/sources/c99/common/toupper.c"
 Parameters:    Size  Location     Type
  c               2    0[BANK0 ] int 
 Auto vars:     Size  Location     Type
		None
 Return value:  Size  Location     Type
                  2    0[BANK0 ] int 
 Registers used:
		wreg, status,2, status,0
 Tracked objects:
		On entry : 
		On exit  : 
		Unchanged: 
 Data sizes:     COMMON   BANK0   BANK1   BANK2   BANK3   BANK4   BANK5   BANK6
      Params:         0       2       0       0       0       0       0       0
      Locals:         0       2       0       0       0       0       0       0
      Temps:          0       4       0       0       0       0       0       0
      Totals:         0       8       0       0       0       0       0       0
Total ram usage:        8 bytes
 Hardware stack levels used:    1
 Hardware stack levels required when called:    2
 This function calls:
		_islower
 This function is called by:
		_xtoa
 This function uses a non-reentrant model


 *************** function _islower *****************
 Defined at:
		line 5 in file "/opt/microchip/xc8/v2.20/pic/sources/c99/common/islower.c"
 Parameters:    Size  Location     Type
  c               2    3[COMMON] int 
 Auto vars:     Size  Location     Type
		None
 Return value:  Size  Location     Type
                  2    3[COMMON] int 
 Registers used:
		wreg, status,2, status,0
 Tracked objects:
		On entry : 
		On exit  : 
		Unchanged: 
 Data sizes:     COMMON   BANK0   BANK1   BANK2   BANK3   BANK4   BANK5   BANK6
      Params:         2       0       0       0       0       0       0       0
      Locals:         0       0       0       0       0       0       0       0
      Temps:          4       0       0       0       0       0       0       0
      Totals:         6       0       0       0       0       0       0       0
Total ram usage:        6 bytes
 Hardware stack levels used:    1
 Hardware stack levels required when called:    1
 This function calls:
		Nothing
 This function is called by:
		_toupper
 This function uses a non-reentrant model


 *************** function _pad *****************
 Defined at:
		line 72 in file "/opt/microchip/xc8/v2.20/pic/sources/c99/common/doprnt.c"
 Parameters:    Size  Location     Type
  fp              1    wreg     PTR struct _IO_FILE
		 -> NULL(0), 
  buf             1   12[BANK0 ] PTR unsigned char 
		 -> dbuf(32), 
  p               2   13[BANK0 ] int 
 Auto vars:     Size  Location     Type
  fp              1   19[BANK0 ] PTR struct _IO_FILE
		 -> NULL(0), 
  w               2   17[BANK0 ] int 
  i               2   15[BANK0 ] int 
 Return value:  Size  Location     Type
                  2   12[BANK0 ] int 
 Registers used:
		wreg, fsr1l, fsr1h, status,2, status,0, pclath, cstack
 Tracked objects:
		On entry : 
		On exit  : 
		Unchanged: 
 Data sizes:     COMMON   BANK0   BANK1   BANK2   BANK3   BANK4   BANK5   BANK6
      Params:         0       3       0       0       0       0       0       0
      Locals:         0       5       0       0       0       0       0       0
      Temps:          1       0       0       0       0       0       0       0
      Totals:         1       8       0       0       0       0       0       0
Total ram usage:        9 bytes
 Hardware stack levels used:    1
 Hardware stack levels required when called:    4
 This function calls:
		_fputc
		_fputs
		_strlen
 This function is called by:
		_xtoa
 This function uses a non-reentrant model


 *************** function _strlen *****************
 Defined at:
		line 5 in file "/opt/microchip/xc8/v2.20/pic/sources/c99/common/strlen.c"
 Parameters:    Size  Location     Type
  s               1    wreg     PTR const unsigned char 
		 -> dbuf(32), 
 Auto vars:     Size  Location     Type
  s               1    7[COMMON] PTR const unsigned char 
		 -> dbuf(32), 
  a               1    6[COMMON] PTR const unsigned char 
		 -> dbuf(32), 
 Return value:  Size  Location     Type
                  2    3[COMMON] unsigned int 
 Registers used:
		wreg, fsr1l, fsr1h, status,2, status,0
 Tracked objects:
		On entry : 
		On exit  : 
		Unchanged: 
 Data sizes:     COMMON   BANK0   BANK1   BANK2   BANK3   BANK4   BANK5   BANK6
      Params:         2       0       0       0       0       0       0       0
      Locals:         2       0       0       0       0       0       0       0
      Temps:          1       0       0       0       0       0       0       0
      Totals:         5       0       0       0       0       0       0       0
Total ram usage:        5 bytes
 Hardware stack levels used:    1
 Hardware stack levels required when called:    1
 This function calls:
		Nothing
 This function is called by:
		_pad
 This function uses a non-reentrant model


 *************** function _fputs *****************
 Defined at:
		line 8 in file "/opt/microchip/xc8/v2.20/pic/sources/c99/common/nf_fputs.c"
 Parameters:    Size  Location     Type
  s               1    wreg     PTR const unsigned char 
		 -> dbuf(32), 
  fp              1    7[COMMON] PTR struct _IO_FILE
		 -> NULL(0), 
 Auto vars:     Size  Location     Type
  s               1   11[BANK0 ] PTR const unsigned char 
		 -> dbuf(32), 
  i               2    9[BANK0 ] int 
  c               1    8[BANK0 ] unsigned char 
 Return value:  Size  Location     Type
                  2    7[COMMON] int 
 Registers used:
		wreg, fsr1l, fsr1h, status,2, status,0, pclath, cstack
 Tracked objects:
		On entry : 
		On exit  : 
		Unchanged: 
 Data sizes:     COMMON   BANK0   BANK1   BANK2   BANK3   BANK4   BANK5   BANK6
      Params:         1       0       0       0       0       0       0       0
      Locals:         0       4       0       0       0       0       0       0
      Temps:          0       3       0       0       0       0       0       0
      Totals:         1       7       0       0       0       0       0       0
Total ram usage:        8 bytes
 Hardware stack levels used:    1
 Hardware stack levels required when called:    3
 This function calls:
		_fputc
 This function is called by:
		_pad
 This function uses a non-reentrant model


 *************** function _fputc *****************
 Defined at:
		line 8 in file "/opt/microchip/xc8/v2.20/pic/sources/c99/common/nf_fputc.c"
 Parameters:    Size  Location     Type
  c               2    4[COMMON] int 
  fp              1    6[COMMON] PTR struct _IO_FILE
		 -> NULL(0), 
 Auto vars:     Size  Location     Type
		None
 Return value:  Size  Location     Type
                  2    4[COMMON] int 
 Registers used:
		wreg, fsr1l, fsr1h, status,2, status,0, pclath, cstack
 Tracked objects:
		On entry : 
		On exit  : 
		Unchanged: 
 Data sizes:     COMMON   BANK0   BANK1   BANK2   BANK3   BANK4   BANK5   BANK6
      Params:         3       0       0       0       0       0       0       0
      Locals:         0       0       0       0       0       0       0       0
      Temps:          0       5       0       0       0       0       0       0
      Totals:         3       5       0       0       0       0       0       0
Total ram usage:        8 bytes
 Hardware stack levels used:    1
 Hardware stack levels required when called:    2
 This function calls:
		_putch
 This function is called by:
		_pad
		_vfpfcnvrt
		_fputs
 This function uses a non-reentrant model


 *************** function _putch *****************
 Defined at:
		line 143 in file "main.c"
 Parameters:    Size  Location     Type
  value           1    wreg     unsigned char 
 Auto vars:     Size  Location     Type
  value           1    3[COMMON] unsigned char 
 Return value:  Size  Location     Type
                  1    wreg      void 
 Registers used:
		wreg
 Tracked objects:
		On entry : 
		On exit  : 
		Unchanged: 
 Data sizes:     COMMON   BANK0   BANK1   BANK2   BANK3   BANK4   BANK5   BANK6
      Params:         0       0       0       0       0       0       0       0
      Locals:         1       0       0       0       0       0       0       0
      Temps:          0       0       0       0       0       0       0       0
      Totals:         1       0       0       0       0       0       0       0
Total ram usage:        1 bytes
 Hardware stack levels used:    1
 Hardware stack levels required when called:    1
 This function calls:
		Nothing
 This function is called by:
		_fputc
 This function uses a non-reentrant model


 *************** function _isupper *****************
 Defined at:
		line 5 in file "/opt/microchip/xc8/v2.20/pic/sources/c99/common/isupper.c"
 Parameters:    Size  Location     Type
  c               2    3[COMMON] int 
 Auto vars:     Size  Location     Type
		None
 Return value:  Size  Location     Type
                  2    3[COMMON] int 
 Registers used:
		wreg, status,2, status,0
 Tracked objects:
		On entry : 
		On exit  : 
		Unchanged: 
 Data sizes:     COMMON   BANK0   BANK1   BANK2   BANK3   BANK4   BANK5   BANK6
      Params:         2       0       0       0       0       0       0       0
      Locals:         0       0       0       0       0       0       0       0
      Temps:          4       0       0       0       0       0       0       0
      Totals:         6       0       0       0       0       0       0       0
Total ram usage:        6 bytes
 Hardware stack levels used:    1
 Hardware stack levels required when called:    1
 This function calls:
		Nothing
 This function is called by:
		_xtoa
 This function uses a non-reentrant model


 *************** function _isalpha *****************
 Defined at:
		line 5 in file "/opt/microchip/xc8/v2.20/pic/sources/c99/common/isalpha.c"
 Parameters:    Size  Location     Type
  c               2    3[COMMON] int 
 Auto vars:     Size  Location     Type
		None
 Return value:  Size  Location     Type
                  2    3[COMMON] int 
 Registers used:
		wreg, status,2, status,0
 Tracked objects:
		On entry : 
		On exit  : 
		Unchanged: 
 Data sizes:     COMMON   BANK0   BANK1   BANK2   BANK3   BANK4   BANK5   BANK6
      Params:         2       0       0       0       0       0       0       0
      Locals:         0       0       0       0       0       0       0       0
      Temps:          0       6       0       0       0       0       0       0
      Totals:         2       6       0       0       0       0       0       0
Total ram usage:        8 bytes
 Hardware stack levels used:    1
 Hardware stack levels required when called:    1
 This function calls:
		Nothing
 This function is called by:
		_xtoa
 This function uses a non-reentrant model


 *************** function _strncmp *****************
 Defined at:
		line 3 in file "/opt/microchip/xc8/v2.20/pic/sources/c99/common/strncmp.c"
 Parameters:    Size  Location     Type
  _l              2    3[COMMON] PTR const unsigned char 
		 -> STR_1(9), 
  _r              2    5[COMMON] PTR const unsigned char 
		 -> STR_8(3), STR_4(3), 
  n               2    7[COMMON] unsigned int 
 Auto vars:     Size  Location     Type
  r               2    3[BANK0 ] PTR const unsigned char 
		 -> STR_8(3), STR_4(3), 
  l               2    1[BANK0 ] PTR const unsigned char 
		 -> STR_1(9), 
 Return value:  Size  Location     Type
                  2    3[COMMON] int 
 Registers used:
		wreg, fsr0l, fsr0h, status,2, status,0, pclath
 Tracked objects:
		On entry : 
		On exit  : 
		Unchanged: 
 Data sizes:     COMMON   BANK0   BANK1   BANK2   BANK3   BANK4   BANK5   BANK6
      Params:         6       0       0       0       0       0       0       0
      Locals:         0       4       0       0       0       0       0       0
      Temps:          0       1       0       0       0       0       0       0
      Totals:         6       5       0       0       0       0       0       0
Total ram usage:       11 bytes
 Hardware stack levels used:    1
 Hardware stack levels required when called:    1
 This function calls:
		Nothing
 This function is called by:
		_vfpfcnvrt
 This function uses a non-reentrant model


 *************** function _atoi *****************
 Defined at:
		line 4 in file "/opt/microchip/xc8/v2.20/pic/sources/c99/common/atoi.c"
 Parameters:    Size  Location     Type
  s               2    0[BANK0 ] PTR const unsigned char 
		 -> STR_1(9), 
 Auto vars:     Size  Location     Type
  n               2   13[BANK0 ] int 
  neg             2    6[BANK0 ] int 
 Return value:  Size  Location     Type
                  2    0[BANK0 ] int 
 Registers used:
		wreg, fsr0l, fsr0h, status,2, status,0, pclath, cstack
 Tracked objects:
		On entry : 
		On exit  : 
		Unchanged: 
 Data sizes:     COMMON   BANK0   BANK1   BANK2   BANK3   BANK4   BANK5   BANK6
      Params:         0       2       0       0       0       0       0       0
      Locals:         0       9       0       0       0       0       0       0
      Temps:          0       4       0       0       0       0       0       0
      Totals:         0      15       0       0       0       0       0       0
Total ram usage:       15 bytes
 Hardware stack levels used:    1
 Hardware stack levels required when called:    2
 This function calls:
		___wmul
		_isdigit
		_isspace
 This function is called by:
		_vfpfcnvrt
 This function uses a non-reentrant model


 *************** function _isspace *****************
 Defined at:
		line 5 in file "/opt/microchip/xc8/v2.20/pic/sources/c99/common/isspace.c"
 Parameters:    Size  Location     Type
  c               2    3[COMMON] int 
 Auto vars:     Size  Location     Type
		None
 Return value:  Size  Location     Type
                  2    3[COMMON] int 
 Registers used:
		wreg, status,2, status,0
 Tracked objects:
		On entry : 
		On exit  : 
		Unchanged: 
 Data sizes:     COMMON   BANK0   BANK1   BANK2   BANK3   BANK4   BANK5   BANK6
      Params:         2       0       0       0       0       0       0       0
      Locals:         1       0       0       0       0       0       0       0
      Temps:          2       0       0       0       0       0       0       0
      Totals:         5       0       0       0       0       0       0       0
Total ram usage:        5 bytes
 Hardware stack levels used:    1
 Hardware stack levels required when called:    1
 This function calls:
		Nothing
 This function is called by:
		_atoi
 This function uses a non-reentrant model


 *************** function _isdigit *****************
 Defined at:
		line 5 in file "/opt/microchip/xc8/v2.20/pic/sources/c99/common/isdigit.c"
 Parameters:    Size  Location     Type
  c               2    3[COMMON] int 
 Auto vars:     Size  Location     Type
		None
 Return value:  Size  Location     Type
                  2    3[COMMON] int 
 Registers used:
		wreg, status,2, status,0
 Tracked objects:
		On entry : 
		On exit  : 
		Unchanged: 
 Data sizes:     COMMON   BANK0   BANK1   BANK2   BANK3   BANK4   BANK5   BANK6
      Params:         2       0       0       0       0       0       0       0
      Locals:         0       0       0       0       0       0       0       0
      Temps:          4       0       0       0       0       0       0       0
      Totals:         6       0       0       0       0       0       0       0
Total ram usage:        6 bytes
 Hardware stack levels used:    1
 Hardware stack levels required when called:    1
 This function calls:
		Nothing
 This function is called by:
		_vfpfcnvrt
		_atoi
 This function uses a non-reentrant model


 *************** function ___wmul *****************
 Defined at:
		line 15 in file "/opt/microchip/xc8/v2.20/pic/sources/c99/common/Umul16.c"
 Parameters:    Size  Location     Type
  multiplier      2    3[COMMON] unsigned int 
  multiplicand    2    5[COMMON] unsigned int 
 Auto vars:     Size  Location     Type
  product         2    7[COMMON] unsigned int 
 Return value:  Size  Location     Type
                  2    3[COMMON] unsigned int 
 Registers used:
		wreg, status,2, status,0
 Tracked objects:
		On entry : 
		On exit  : 
		Unchanged: 
 Data sizes:     COMMON   BANK0   BANK1   BANK2   BANK3   BANK4   BANK5   BANK6
      Params:         4       0       0       0       0       0       0       0
      Locals:         2       0       0       0       0       0       0       0
      Temps:          0       0       0       0       0       0       0       0
      Totals:         6       0       0       0       0       0       0       0
Total ram usage:        6 bytes
 Hardware stack levels used:    1
 Hardware stack levels required when called:    1
 This function calls:
		Nothing
 This function is called by:
		_atoi
 This function uses a non-reentrant model


 *************** function _ISR *****************
 Defined at:
		line 84 in file "main.c"
 Parameters:    Size  Location     Type
		None
 Auto vars:     Size  Location     Type
  time            1    2[COMMON] unsigned char 
 Return value:  Size  Location     Type
                  1    wreg      void 
 Registers used:
		wreg, fsr0l, fsr0h, fsr1l, fsr1h, status,2, status,0
 Tracked objects:
		On entry : 
		On exit  : 
		Unchanged: 
 Data sizes:     COMMON   BANK0   BANK1   BANK2   BANK3   BANK4   BANK5   BANK6
      Params:         0       0       0       0       0       0       0       0
      Locals:         1       0       0       0       0       0       0       0
      Temps:          2       0       0       0       0       0       0       0
      Totals:         3       0       0       0       0       0       0       0
Total ram usage:        3 bytes
 Hardware stack levels used:    1
 This function calls:
		Nothing
 This function is called by:
		Interrupt level 1
 This function uses a non-reentrant model



MODULE INFORMATION

Module		Function		Class		Link	Load	Size
/opt/microchip/xc8/v2.20/pic/sources/c99/common/isdigit.c
		_isdigit       		CODE           	072B	0000	24

/opt/microchip/xc8/v2.20/pic/sources/c99/common/isdigit.c estimated size: 24

/opt/microchip/xc8/v2.20/pic/sources/c99/common/printf.c
		_printf        		CODE           	0758	0000	22

/opt/microchip/xc8/v2.20/pic/sources/c99/common/printf.c estimated size: 22

/opt/microchip/xc8/v2.20/pic/sources/c99/common/strlen.c
		_strlen        		CODE           	06FD	0000	24

/opt/microchip/xc8/v2.20/pic/sources/c99/common/strlen.c estimated size: 24

/opt/microchip/xc8/v2.20/pic/sources/c99/common/nf_fputc.c
		_fputc         		CODE           	05EA	0000	54

/opt/microchip/xc8/v2.20/pic/sources/c99/common/nf_fputc.c estimated size: 54

/opt/microchip/xc8/v2.20/pic/sources/c99/common/doprnt.c
		_vfpfcnvrt     		CODE           	0092	0000	613
		_pad           		CODE           	05A0	0000	75
		_vfprintf      		CODE           	061F	0000	46
		_xtoa          		CODE           	02F6	0000	335

/opt/microchip/xc8/v2.20/pic/sources/c99/common/doprnt.c estimated size: 1069

shared
		__initialization		CODE           	007D	0000	18

shared estimated size: 18

/opt/microchip/xc8/v2.20/pic/sources/c99/common/isupper.c
		_isupper       		CODE           	0714	0000	24

/opt/microchip/xc8/v2.20/pic/sources/c99/common/isupper.c estimated size: 24

/opt/microchip/xc8/v2.20/pic/sources/c99/common/islower.c
		_islower       		CODE           	06E6	0000	24

/opt/microchip/xc8/v2.20/pic/sources/c99/common/islower.c estimated size: 24

/opt/microchip/xc8/v2.20/pic/sources/c99/common/strncmp.c
		_strncmp       		CODE           	054E	0000	83

/opt/microchip/xc8/v2.20/pic/sources/c99/common/strncmp.c estimated size: 83

/opt/microchip/xc8/v2.20/pic/sources/c99/common/Umul16.c
		___wmul        		CODE           	06CB	0000	28

/opt/microchip/xc8/v2.20/pic/sources/c99/common/Umul16.c estimated size: 28

/opt/microchip/xc8/v2.20/pic/sources/c99/common/atoi.c
		_atoi          		CODE           	0444	0000	160

/opt/microchip/xc8/v2.20/pic/sources/c99/common/atoi.c estimated size: 160

/opt/microchip/xc8/v2.20/pic/sources/c99/common/toupper.c
		_toupper       		CODE           	0670	0000	34

/opt/microchip/xc8/v2.20/pic/sources/c99/common/toupper.c estimated size: 34

main.c
		_process_remote_command		CODE           	0742	0000	23
		_ISR           		CODE           	0004	0000	120
		_putch         		CODE           	0776	0000	9
		_main          		CODE           	04E3	0000	108

main.c estimated size: 260

/opt/microchip/xc8/v2.20/pic/sources/c99/common/isalpha.c
		_isalpha       		CODE           	0691	0000	31

/opt/microchip/xc8/v2.20/pic/sources/c99/common/isalpha.c estimated size: 31

/opt/microchip/xc8/v2.20/pic/sources/c99/common/isspace.c
		_isspace       		CODE           	06AF	0000	29

/opt/microchip/xc8/v2.20/pic/sources/c99/common/isspace.c estimated size: 29

/opt/microchip/xc8/v2.20/pic/sources/c99/common/nf_fputs.c
		_fputs         		CODE           	064C	0000	37

/opt/microchip/xc8/v2.20/pic/sources/c99/common/nf_fputs.c estimated size: 37

